#-----------------------------------------------------------
# Vivado v2018.2.2 (64-bit)
# SW Build 2348494 on Mon Oct  1 18:25:44 MDT 2018
# IP Build 2318053 on Mon Oct  1 21:44:26 MDT 2018
# Start of session at: Wed Dec 19 20:25:39 2018
# Process ID: 9304
# Current directory: C:/Programiranje/ProgramiMAS/Projekt/camera
# Command line: vivado.exe -gui_launcher_event rodinguilauncherevent7332 C:\Programiranje\ProgramiMAS\Projekt\camera\camera.xpr
# Log file: C:/Programiranje/ProgramiMAS/Projekt/camera/vivado.log
# Journal file: C:/Programiranje/ProgramiMAS/Projekt/camera\vivado.jou
#-----------------------------------------------------------
start_gui
open_project C:/Programiranje/ProgramiMAS/Projekt/camera/camera.xpr
update_compile_order -fileset sources_1
open_bd_design {C:/Programiranje/ProgramiMAS/Projekt/camera/camera.srcs/sources_1/bd/design_1/design_1.bd}
startgroup
set_property -dict [list CONFIG.C_INTERRUPT_PRESENT {1}] [get_bd_cells axi_gpio_1]
endgroup
launch_sdk -workspace C:/Programiranje/ProgramiMAS/Projekt/camera/camera.sdk -hwspec C:/Programiranje/ProgramiMAS/Projekt/camera/camera.sdk/design_1_wrapper.hdf
startgroup
set_property -dict [list CONFIG.PCW_USE_FABRIC_INTERRUPT {1} CONFIG.PCW_IRQ_F2P_INTR {1}] [get_bd_cells processing_system7_0]
endgroup
connect_bd_net [get_bd_pins axi_gpio_1/ip2intc_irpt] [get_bd_pins processing_system7_0/IRQ_F2P]
regenerate_bd_layout -routing
validate_bd_design
validate_bd_design -force
generate_target all [get_files  C:/Programiranje/ProgramiMAS/Projekt/camera/camera.srcs/sources_1/bd/design_1/design_1.bd]
export_ip_user_files -of_objects [get_files C:/Programiranje/ProgramiMAS/Projekt/camera/camera.srcs/sources_1/bd/design_1/design_1.bd] -no_script -sync -force -quiet
export_simulation -of_objects [get_files C:/Programiranje/ProgramiMAS/Projekt/camera/camera.srcs/sources_1/bd/design_1/design_1.bd] -directory C:/Programiranje/ProgramiMAS/Projekt/camera/camera.ip_user_files/sim_scripts -ip_user_files_dir C:/Programiranje/ProgramiMAS/Projekt/camera/camera.ip_user_files -ipstatic_source_dir C:/Programiranje/ProgramiMAS/Projekt/camera/camera.ip_user_files/ipstatic -lib_map_path [list {modelsim=C:/Programiranje/ProgramiMAS/Projekt/camera/camera.cache/compile_simlib/modelsim} {questa=C:/Programiranje/ProgramiMAS/Projekt/camera/camera.cache/compile_simlib/questa} {riviera=C:/Programiranje/ProgramiMAS/Projekt/camera/camera.cache/compile_simlib/riviera} {activehdl=C:/Programiranje/ProgramiMAS/Projekt/camera/camera.cache/compile_simlib/activehdl}] -use_ip_compiled_libs -force -quiet
reset_run synth_1
launch_runs impl_1 -to_step write_bitstream -jobs 4
wait_on_run impl_1
file copy -force C:/Programiranje/ProgramiMAS/Projekt/camera/camera.runs/impl_1/design_1_wrapper.sysdef C:/Programiranje/ProgramiMAS/Projekt/camera/camera.sdk/design_1_wrapper.hdf

create_bd_design "design_2"
update_compile_order -fileset sources_1
current_bd_design [get_bd_designs design_1]
current_bd_design [get_bd_designs design_2]
current_bd_design design_1
set tmpCopyObjs [concat  [get_bd_cells {ps7_0_axi_periph axi_gpio_0 axi_gpio_1 clk_wiz_0 processing_system7_0 rst_ps7_0_100M}] [get_bd_intf_ports {DDR FIXED_IO btns_4bits camera iic_0 leds_4bits}] [get_bd_ports {XCLK sys_clock}] [get_bd_intf_nets {axi_gpio_0_GPIO axi_gpio_0_GPIO2 axi_gpio_1_GPIO processing_system7_0_DDR processing_system7_0_FIXED_IO processing_system7_0_IIC_0 processing_system7_0_M_AXI_GP0 ps7_0_axi_periph_M00_AXI ps7_0_axi_periph_M01_AXI}] [get_bd_nets {axi_gpio_1_ip2intc_irpt clk_wiz_0_clk_out1 processing_system7_0_FCLK_CLK0 processing_system7_0_FCLK_RESET0_N rst_ps7_0_100M_interconnect_aresetn rst_ps7_0_100M_peripheral_aresetn sys_clock_1}]]
current_bd_design design_2
copy_bd_objs -from_design design_1 / $tmpCopyObjs
regenerate_bd_layout -routing
regenerate_bd_layout
set_property location {1 187 426} [get_bd_cells rst_ps7_0_100M]
set_property location {1 168 126} [get_bd_cells processing_system7_0]
set_property location {2 535 421} [get_bd_cells ps7_0_axi_periph]
set_property location {3 918 415} [get_bd_cells axi_gpio_0]
set_property location {3 928 304} [get_bd_cells axi_gpio_1]
set_property location {3 899 176} [get_bd_cells clk_wiz_0]
set_property location {3 905 562} [get_bd_cells axi_gpio_0]
set_property location {3 920 418} [get_bd_cells axi_gpio_1]
set_property location {3 911 274} [get_bd_cells clk_wiz_0]
set_property location {3 919 261} [get_bd_cells clk_wiz_0]
regenerate_bd_layout -routing
set_property location {2 621 275} [get_bd_cells ps7_0_axi_periph]
set_property location {3 937 187} [get_bd_cells clk_wiz_0]
set_property location {3 930 307} [get_bd_cells axi_gpio_1]
set_property location {3 930 442} [get_bd_cells axi_gpio_0]
regenerate_bd_layout -routing
startgroup
set_property -dict [list CONFIG.C_INTERRUPT_PRESENT {0}] [get_bd_cells axi_gpio_1]
delete_bd_objs [get_bd_nets axi_gpio_1_ip2intc_irpt]
endgroup
startgroup
set_property -dict [list CONFIG.PCW_USE_FABRIC_INTERRUPT {0}] [get_bd_cells processing_system7_0]
endgroup
regenerate_bd_layout -routing
startgroup
set_property location {3 902 479} [get_bd_cells axi_gpio_0]
set_property location {3 912 249} [get_bd_cells axi_gpio_1]
set_property location {3 912 39} [get_bd_cells clk_wiz_0]
set_property location {2 622 309} [get_bd_cells ps7_0_axi_periph]
endgroup
regenerate_bd_layout -routing
startgroup
set_property location {3 875 415} [get_bd_cells axi_gpio_0]
set_property location {3 875 195} [get_bd_cells axi_gpio_1]
set_property location {2 565 405} [get_bd_cells ps7_0_axi_periph]
set_property location {3 885 -15} [get_bd_cells clk_wiz_0]
endgroup
regenerate_bd_layout -routing
set_property location {3 901 495} [get_bd_cells clk_wiz_0]
regenerate_bd_layout -routing
set_property location {1051 555} [get_bd_ports XCLK]
startgroup
set_property location {3 898 196} [get_bd_cells axi_gpio_1]
set_property location {3 908 336} [get_bd_cells axi_gpio_0]
endgroup
set_property location {3 901 457} [get_bd_cells clk_wiz_0]
set_property location {1036 459} [get_bd_ports XCLK]
regenerate_bd_layout -routing
make_wrapper -files [get_files C:/Programiranje/ProgramiMAS/Projekt/camera/camera.srcs/sources_1/bd/design_2/design_2.bd] -top
add_files -norecurse C:/Programiranje/ProgramiMAS/Projekt/camera/camera.srcs/sources_1/bd/design_2/hdl/design_2_wrapper.vhd
update_compile_order -fileset sources_1
current_bd_design [get_bd_designs design_1]
reset_run synth_1
launch_runs impl_1 -to_step write_bitstream -jobs 4
wait_on_run impl_1
current_bd_design [get_bd_designs design_2]
file copy -force C:/Programiranje/ProgramiMAS/Projekt/camera/camera.runs/impl_1/design_1_wrapper.sysdef C:/Programiranje/ProgramiMAS/Projekt/camera/camera.sdk/design_1_wrapper.hdf

current_bd_design [get_bd_designs design_1]
current_bd_design [get_bd_designs design_2]
set_property synth_checkpoint_mode None [get_files  C:/Programiranje/ProgramiMAS/Projekt/camera/camera.srcs/sources_1/bd/design_2/design_2.bd]
generate_target all [get_files  C:/Programiranje/ProgramiMAS/Projekt/camera/camera.srcs/sources_1/bd/design_2/design_2.bd]
export_ip_user_files -of_objects [get_files C:/Programiranje/ProgramiMAS/Projekt/camera/camera.srcs/sources_1/bd/design_2/design_2.bd] -no_script -sync -force -quiet
export_simulation -of_objects [get_files C:/Programiranje/ProgramiMAS/Projekt/camera/camera.srcs/sources_1/bd/design_2/design_2.bd] -directory C:/Programiranje/ProgramiMAS/Projekt/camera/camera.ip_user_files/sim_scripts -ip_user_files_dir C:/Programiranje/ProgramiMAS/Projekt/camera/camera.ip_user_files -ipstatic_source_dir C:/Programiranje/ProgramiMAS/Projekt/camera/camera.ip_user_files/ipstatic -lib_map_path [list {modelsim=C:/Programiranje/ProgramiMAS/Projekt/camera/camera.cache/compile_simlib/modelsim} {questa=C:/Programiranje/ProgramiMAS/Projekt/camera/camera.cache/compile_simlib/questa} {riviera=C:/Programiranje/ProgramiMAS/Projekt/camera/camera.cache/compile_simlib/riviera} {activehdl=C:/Programiranje/ProgramiMAS/Projekt/camera/camera.cache/compile_simlib/activehdl}] -use_ip_compiled_libs -force -quiet
current_bd_design [get_bd_designs design_1]
reset_run synth_1
launch_runs impl_1 -to_step write_bitstream -jobs 4
wait_on_run impl_1
file copy -force C:/Programiranje/ProgramiMAS/Projekt/camera/camera.runs/impl_1/design_1_wrapper.sysdef C:/Programiranje/ProgramiMAS/Projekt/camera/camera.sdk/design_1_wrapper.hdf

